// Jest Snapshot v1, https://goo.gl/fbAQLP

exports[`Unitary test for HookApp should do match with snapshot 1`] = `
<div
  className="container-fluid"
>
  <h1>
    Hola Mundo
  </h1>
</div>
`;
