// Jest Snapshot v1, https://goo.gl/fbAQLP

exports[`Unitary test with <MultipleCustomHooks /> should be correctly show  1`] = `
<Fragment>
  <h1>
    BreakingBad Quotes
  </h1>
  <hr />
  <div
    className="alert alert-info text-center"
  >
    loading...
  </div>
  <button
    className="btn btn-primary"
    onClick={[Function]}
  >
    Siguiente
  </button>
</Fragment>
`;
