// Jest Snapshot v1, https://goo.gl/fbAQLP

exports[`Unitary test with RealExampleRef should be correctly show 1`] = `
<div>
  <h1>
    RealExampleRef
  </h1>
  <hr />
  <button
    className="btn btn-outline-primary"
    onClick={[Function]}
  >
    Mostrar
  </button>
</div>
`;
